
/home/runner/work/exp-dc-speed-iitkgp/exp-dc-speed-iitkgp/experiment/simulation/js/DC_SP.js
   13:10   warning  'rotate1' is defined but never used            no-unused-vars
   49:11   warning  'rotate2' is defined but never used            no-unused-vars
   55:6    warning  'wheel' is assigned a value but never used     no-unused-vars
   85:11   warning  'rotate3' is defined but never used            no-unused-vars
   91:6    warning  'wheel' is assigned a value but never used     no-unused-vars
  126:11   warning  'rotate4' is defined but never used            no-unused-vars
  132:6    warning  'wheel' is assigned a value but never used     no-unused-vars
  172:11   warning  'power_on' is defined but never used           no-unused-vars
  173:1    warning  Mixed spaces and tabs                          no-mixed-spaces-and-tabs
  174:1    warning  Mixed spaces and tabs                          no-mixed-spaces-and-tabs
  207:11   warning  'preAmp_on' is defined but never used          no-unused-vars
  208:1    warning  Mixed spaces and tabs                          no-mixed-spaces-and-tabs
  209:1    warning  Mixed spaces and tabs                          no-mixed-spaces-and-tabs
  222:5    warning  'knbValue' is assigned a value but never used  no-unused-vars
  232:6    warning  'tachoVolt' is already defined                 no-redeclare
  232:18   warning  'math' is not defined                          no-undef
  232:32   warning  'math' is not defined                          no-undef
  241:14   warning  'math' is not defined                          no-undef
  317:9    warning  'math' is not defined                          no-undef
  317:30   warning  'math' is not defined                          no-undef
  318:9    warning  'math' is not defined                          no-undef
  318:30   warning  'math' is not defined                          no-undef
  321:9    warning  'math' is not defined                          no-undef
  321:28   warning  'math' is not defined                          no-undef
  325:12   warning  'math' is not defined                          no-undef
  325:31   warning  'math' is not defined                          no-undef
  325:45   warning  'math' is not defined                          no-undef
  325:54   warning  'math' is not defined                          no-undef
  325:73   warning  'math' is not defined                          no-undef
  331:10   warning  'math' is not defined                          no-undef
  331:20   warning  'math' is not defined                          no-undef
  331:32   warning  'math' is not defined                          no-undef
  331:41   warning  'math' is not defined                          no-undef
  331:60   warning  'math' is not defined                          no-undef
  331:75   warning  'math' is not defined                          no-undef
  335:12   warning  'math' is not defined                          no-undef
  335:26   warning  'math' is not defined                          no-undef
  335:40   warning  'math' is not defined                          no-undef
  335:61   warning  'math' is not defined                          no-undef
  335:73   warning  'math' is not defined                          no-undef
  335:82   warning  'math' is not defined                          no-undef
  335:101  warning  'math' is not defined                          no-undef
  335:121  warning  'math' is not defined                          no-undef
  338:11   warning  'math' is not defined                          no-undef
  339:10   warning  'math' is not defined                          no-undef
  339:29   warning  'math' is not defined                          no-undef
  339:39   warning  'math' is not defined                          no-undef
  339:53   warning  'math' is not defined                          no-undef
  340:13   warning  'math' is not defined                          no-undef
  341:13   warning  'math' is not defined                          no-undef
  341:22   warning  'math' is not defined                          no-undef
  343:10   warning  'math' is not defined                          no-undef
  343:26   warning  'math' is not defined                          no-undef
  343:36   warning  'math' is not defined                          no-undef
  343:50   warning  'math' is not defined                          no-undef
  345:14   warning  'math' is not defined                          no-undef
  345:33   warning  'math' is not defined                          no-undef
  345:49   warning  'math' is not defined                          no-undef
  352:9    warning  'math' is not defined                          no-undef
  352:21   warning  'math' is not defined                          no-undef
  352:45   warning  'math' is not defined                          no-undef
  352:61   warning  'math' is not defined                          no-undef
  356:17   warning  'math' is not defined                          no-undef
  360:16   warning  'math' is not defined                          no-undef
  366:5    warning  'errvlaue' is already defined                  no-redeclare
  366:16   warning  'math' is not defined                          no-undef
  451:9    warning  'math' is not defined                          no-undef
  451:30   warning  'math' is not defined                          no-undef
  452:9    warning  'math' is not defined                          no-undef
  452:30   warning  'math' is not defined                          no-undef
  455:9    warning  'math' is not defined                          no-undef
  455:28   warning  'math' is not defined                          no-undef
  461:12   warning  'math' is not defined                          no-undef
  461:31   warning  'math' is not defined                          no-undef
  461:43   warning  'math' is not defined                          no-undef
  461:69   warning  'math' is not defined                          no-undef
  461:78   warning  'math' is not defined                          no-undef
  461:97   warning  'math' is not defined                          no-undef
  461:126  warning  'math' is not defined                          no-undef
  464:10   warning  'math' is not defined                          no-undef
  464:20   warning  'math' is not defined                          no-undef
  464:32   warning  'math' is not defined                          no-undef
  464:41   warning  'math' is not defined                          no-undef
  464:60   warning  'math' is not defined                          no-undef
  464:89   warning  'math' is not defined                          no-undef
  464:104  warning  'math' is not defined                          no-undef
  468:12   warning  'math' is not defined                          no-undef
  468:26   warning  'math' is not defined                          no-undef
  468:40   warning  'math' is not defined                          no-undef
  468:61   warning  'math' is not defined                          no-undef
  468:73   warning  'math' is not defined                          no-undef
  468:82   warning  'math' is not defined                          no-undef
  468:101  warning  'math' is not defined                          no-undef
  468:121  warning  'math' is not defined                          no-undef
  476:11   warning  'math' is not defined                          no-undef
  477:10   warning  'math' is not defined                          no-undef
  477:29   warning  'math' is not defined                          no-undef
  477:39   warning  'math' is not defined                          no-undef
  477:53   warning  'math' is not defined                          no-undef
  478:13   warning  'math' is not defined                          no-undef
  479:13   warning  'math' is not defined                          no-undef
  479:22   warning  'math' is not defined                          no-undef
  481:10   warning  'math' is not defined                          no-undef
  481:26   warning  'math' is not defined                          no-undef
  481:36   warning  'math' is not defined                          no-undef
  481:50   warning  'math' is not defined                          no-undef
  483:14   warning  'math' is not defined                          no-undef
  483:33   warning  'math' is not defined                          no-undef
  483:49   warning  'math' is not defined                          no-undef
  500:17   warning  'math' is not defined                          no-undef
  502:16   warning  'math' is not defined                          no-undef
  511:10   warning  'speedBrake' is defined but never used         no-unused-vars
  518:47   warning  'math' is not defined                          no-undef
  518:69   warning  'math' is not defined                          no-undef
  520:17   warning  'math' is not defined                          no-undef
  524:47   warning  'math' is not defined                          no-undef
  524:69   warning  'math' is not defined                          no-undef
  526:5    warning  'tachoVolt' is already defined                 no-redeclare
  526:17   warning  'math' is not defined                          no-undef
  562:10   warning  'Wheel_SpeedUp' is defined but never used      no-unused-vars
  565:15   warning  'math' is not defined                          no-undef
  565:34   warning  'math' is not defined                          no-undef
  569:2    warning  Mixed spaces and tabs                          no-mixed-spaces-and-tabs
  570:2    warning  Mixed spaces and tabs                          no-mixed-spaces-and-tabs
  570:48   warning  'math' is not defined                          no-undef
  571:2    warning  Mixed spaces and tabs                          no-mixed-spaces-and-tabs
  578:2    warning  Mixed spaces and tabs                          no-mixed-spaces-and-tabs
  579:2    warning  Mixed spaces and tabs                          no-mixed-spaces-and-tabs
  579:48   warning  'math' is not defined                          no-undef
  580:2    warning  Mixed spaces and tabs                          no-mixed-spaces-and-tabs
  587:2    warning  Mixed spaces and tabs                          no-mixed-spaces-and-tabs
  588:2    warning  Mixed spaces and tabs                          no-mixed-spaces-and-tabs
  588:48   warning  'math' is not defined                          no-undef
  589:2    warning  Mixed spaces and tabs                          no-mixed-spaces-and-tabs
  595:10   warning  'Wheel_SpeedDown' is defined but never used    no-unused-vars
  602:46   warning  'math' is not defined                          no-undef
  605:2    warning  Mixed spaces and tabs                          no-mixed-spaces-and-tabs
  612:46   warning  'math' is not defined                          no-undef
  615:2    warning  Mixed spaces and tabs                          no-mixed-spaces-and-tabs
  622:46   warning  'math' is not defined                          no-undef
  625:2    warning  Mixed spaces and tabs                          no-mixed-spaces-and-tabs
  633:10   warning  'BrakeChange' is defined but never used        no-unused-vars
  643:10   warning  'BrakeChangerev' is defined but never used     no-unused-vars
  653:10   warning  'refresh' is defined but never used            no-unused-vars
  659:6    warning  'Dtable' is already defined                    no-redeclare
  684:5    warning  'chart' is defined but never used              no-unused-vars
  748:10   warning  'createTable' is defined but never used        no-unused-vars
  765:6    warning  'y' is assigned a value but never used         no-unused-vars
  770:1    warning  Mixed spaces and tabs                          no-mixed-spaces-and-tabs
  771:1    warning  Mixed spaces and tabs                          no-mixed-spaces-and-tabs
  772:1    warning  Mixed spaces and tabs                          no-mixed-spaces-and-tabs
  783:18   warning  'CanvasJS' is not defined                      no-undef
  786:2    warning  Mixed spaces and tabs                          no-mixed-spaces-and-tabs
  787:1    warning  Mixed spaces and tabs                          no-mixed-spaces-and-tabs
  789:1    warning  Mixed spaces and tabs                          no-mixed-spaces-and-tabs
  790:1    warning  Mixed spaces and tabs                          no-mixed-spaces-and-tabs
  791:1    warning  Mixed spaces and tabs                          no-mixed-spaces-and-tabs
  793:1    warning  Mixed spaces and tabs                          no-mixed-spaces-and-tabs
  794:1    warning  Mixed spaces and tabs                          no-mixed-spaces-and-tabs
  795:1    warning  Mixed spaces and tabs                          no-mixed-spaces-and-tabs
  796:1    warning  Mixed spaces and tabs                          no-mixed-spaces-and-tabs
  800:1    warning  Mixed spaces and tabs                          no-mixed-spaces-and-tabs
  801:1    warning  Mixed spaces and tabs                          no-mixed-spaces-and-tabs
  802:1    warning  Mixed spaces and tabs                          no-mixed-spaces-and-tabs
  803:1    warning  Mixed spaces and tabs                          no-mixed-spaces-and-tabs
  804:1    warning  Mixed spaces and tabs                          no-mixed-spaces-and-tabs
  806:1    warning  Mixed spaces and tabs                          no-mixed-spaces-and-tabs
  834:1    warning  Mixed spaces and tabs                          no-mixed-spaces-and-tabs
  835:1    warning  Mixed spaces and tabs                          no-mixed-spaces-and-tabs
  836:1    warning  Mixed spaces and tabs                          no-mixed-spaces-and-tabs
  847:18   warning  'CanvasJS' is not defined                      no-undef
  850:2    warning  Mixed spaces and tabs                          no-mixed-spaces-and-tabs
  851:1    warning  Mixed spaces and tabs                          no-mixed-spaces-and-tabs
  853:1    warning  Mixed spaces and tabs                          no-mixed-spaces-and-tabs
  854:1    warning  Mixed spaces and tabs                          no-mixed-spaces-and-tabs
  855:1    warning  Mixed spaces and tabs                          no-mixed-spaces-and-tabs
  857:1    warning  Mixed spaces and tabs                          no-mixed-spaces-and-tabs
  858:1    warning  Mixed spaces and tabs                          no-mixed-spaces-and-tabs
  859:1    warning  Mixed spaces and tabs                          no-mixed-spaces-and-tabs
  860:1    warning  Mixed spaces and tabs                          no-mixed-spaces-and-tabs
  864:1    warning  Mixed spaces and tabs                          no-mixed-spaces-and-tabs
  865:1    warning  Mixed spaces and tabs                          no-mixed-spaces-and-tabs
  866:1    warning  Mixed spaces and tabs                          no-mixed-spaces-and-tabs
  867:1    warning  Mixed spaces and tabs                          no-mixed-spaces-and-tabs
  868:1    warning  Mixed spaces and tabs                          no-mixed-spaces-and-tabs
  870:1    warning  Mixed spaces and tabs                          no-mixed-spaces-and-tabs
  897:11   warning  'plot' is defined but never used               no-unused-vars
  898:1    warning  Mixed spaces and tabs                          no-mixed-spaces-and-tabs
  903:1    warning  Mixed spaces and tabs                          no-mixed-spaces-and-tabs
  908:1    warning  Mixed spaces and tabs                          no-mixed-spaces-and-tabs
  909:1    warning  Mixed spaces and tabs                          no-mixed-spaces-and-tabs
  910:1    warning  Mixed spaces and tabs                          no-mixed-spaces-and-tabs
  913:1    warning  Mixed spaces and tabs                          no-mixed-spaces-and-tabs
  915:11   warning  'part1_2_3' is defined but never used          no-unused-vars
  916:1    warning  Mixed spaces and tabs                          no-mixed-spaces-and-tabs
  918:1    warning  Mixed spaces and tabs                          no-mixed-spaces-and-tabs
  919:1    warning  Mixed spaces and tabs                          no-mixed-spaces-and-tabs
  924:11   warning  'part4_5' is defined but never used            no-unused-vars
  925:1    warning  Mixed spaces and tabs                          no-mixed-spaces-and-tabs
  927:1    warning  Mixed spaces and tabs                          no-mixed-spaces-and-tabs
  928:1    warning  Mixed spaces and tabs                          no-mixed-spaces-and-tabs
  933:11   warning  'part6_7' is defined but never used            no-unused-vars
  934:1    warning  Mixed spaces and tabs                          no-mixed-spaces-and-tabs
  936:1    warning  Mixed spaces and tabs                          no-mixed-spaces-and-tabs
  937:1    warning  Mixed spaces and tabs                          no-mixed-spaces-and-tabs

/home/runner/work/exp-dc-speed-iitkgp/exp-dc-speed-iitkgp/experiment/simulation/js/demo.js
    8:1   warning  'jsPlumb' is not defined                      no-undef
   13:9   warning  'addDisc' is assigned a value but never used  no-unused-vars
   15:17  warning  'e' is assigned a value but never used        no-unused-vars
   22:9   warning  'reset' is assigned a value but never used    no-unused-vars
   35:51  warning  'ui' is defined but never used                no-unused-vars
   37:21  warning  'jsPlumb' is not defined                      no-undef
   42:25  warning  'jsPlumb' is not defined                      no-undef
   50:21  warning  'id' is assigned a value but never used       no-unused-vars
  125:16  warning  'jsPlumb' is not defined                      no-undef
  137:13  warning  'e1' is assigned a value but never used       no-unused-vars
  138:13  warning  'e2' is assigned a value but never used       no-unused-vars
  139:4   warning  'e3' is assigned a value but never used       no-unused-vars
  140:13  warning  'e4' is assigned a value but never used       no-unused-vars
  141:4   warning  'e5' is assigned a value but never used       no-unused-vars
  142:4   warning  'e6' is assigned a value but never used       no-unused-vars
  143:4   warning  'e7' is assigned a value but never used       no-unused-vars
  144:13  warning  'e8' is assigned a value but never used       no-unused-vars
  145:4   warning  'e9' is assigned a value but never used       no-unused-vars
  146:13  warning  'e10' is assigned a value but never used      no-unused-vars
  147:4   warning  'e11' is assigned a value but never used      no-unused-vars
  148:4   warning  'e12' is assigned a value but never used      no-unused-vars
  149:13  warning  'e13' is assigned a value but never used      no-unused-vars
  150:4   warning  'e14' is assigned a value but never used      no-unused-vars
  151:4   warning  'e15' is assigned a value but never used      no-unused-vars
  152:4   warning  'e16' is assigned a value but never used      no-unused-vars
  153:13  warning  'e17' is assigned a value but never used      no-unused-vars
  154:13  warning  'e18' is assigned a value but never used      no-unused-vars
  155:4   warning  'e19' is assigned a value but never used      no-unused-vars
  156:13  warning  'e20' is assigned a value but never used      no-unused-vars
  157:4   warning  'e21' is assigned a value but never used      no-unused-vars
  158:4   warning  'e22' is assigned a value but never used      no-unused-vars
  159:13  warning  'e23' is assigned a value but never used      no-unused-vars
  160:4   warning  'e24' is assigned a value but never used      no-unused-vars
  161:4   warning  'e25' is assigned a value but never used      no-unused-vars
  162:4   warning  'e26' is assigned a value but never used      no-unused-vars
  163:4   warning  'e27' is assigned a value but never used      no-unused-vars
  165:4   warning  'e29' is assigned a value but never used      no-unused-vars
  166:13  warning  'e30' is assigned a value but never used      no-unused-vars
  167:4   warning  'e31' is assigned a value but never used      no-unused-vars
  170:4   warning  'e34' is assigned a value but never used      no-unused-vars
  171:4   warning  'e35' is assigned a value but never used      no-unused-vars
  172:4   warning  'e36' is assigned a value but never used      no-unused-vars
  175:4   warning  'e39' is assigned a value but never used      no-unused-vars
  176:13  warning  'e40' is assigned a value but never used      no-unused-vars
  177:4   warning  'e41' is assigned a value but never used      no-unused-vars
  178:4   warning  'e42' is assigned a value but never used      no-unused-vars
  179:4   warning  'e43' is assigned a value but never used      no-unused-vars
  186:3   warning  Mixed spaces and tabs                         no-mixed-spaces-and-tabs
  187:3   warning  Mixed spaces and tabs                         no-mixed-spaces-and-tabs
  188:3   warning  Mixed spaces and tabs                         no-mixed-spaces-and-tabs
  190:3   warning  Mixed spaces and tabs                         no-mixed-spaces-and-tabs
  191:3   warning  Mixed spaces and tabs                         no-mixed-spaces-and-tabs
  192:3   warning  Mixed spaces and tabs                         no-mixed-spaces-and-tabs
  194:3   warning  Mixed spaces and tabs                         no-mixed-spaces-and-tabs
  196:3   warning  Mixed spaces and tabs                         no-mixed-spaces-and-tabs
  198:3   warning  Mixed spaces and tabs                         no-mixed-spaces-and-tabs
  201:3   warning  Mixed spaces and tabs                         no-mixed-spaces-and-tabs
  202:46  warning  'originalEvent' is defined but never used     no-unused-vars
  203:2   warning  Mixed spaces and tabs                         no-mixed-spaces-and-tabs
  207:2   warning  Mixed spaces and tabs                         no-mixed-spaces-and-tabs
  208:3   warning  Mixed spaces and tabs                         no-mixed-spaces-and-tabs
  209:4   warning  Mixed spaces and tabs                         no-mixed-spaces-and-tabs
  210:3   warning  Mixed spaces and tabs                         no-mixed-spaces-and-tabs
  211:3   warning  Mixed spaces and tabs                         no-mixed-spaces-and-tabs
  212:2   warning  Mixed spaces and tabs                         no-mixed-spaces-and-tabs
  213:2   warning  Mixed spaces and tabs                         no-mixed-spaces-and-tabs
  214:2   warning  Mixed spaces and tabs                         no-mixed-spaces-and-tabs
  217:3   warning  Mixed spaces and tabs                         no-mixed-spaces-and-tabs
  218:2   warning  Mixed spaces and tabs                         no-mixed-spaces-and-tabs
  226:2   warning  Mixed spaces and tabs                         no-mixed-spaces-and-tabs
  263:2   warning  Mixed spaces and tabs                         no-mixed-spaces-and-tabs
  421:2   warning  Mixed spaces and tabs                         no-mixed-spaces-and-tabs
  583:5   warning  Mixed spaces and tabs                         no-mixed-spaces-and-tabs
  611:13  warning  'count' is assigned a value but never used    no-unused-vars
  930:3   warning  Mixed spaces and tabs                         no-mixed-spaces-and-tabs
  938:3   warning  Mixed spaces and tabs                         no-mixed-spaces-and-tabs
  945:3   warning  Mixed spaces and tabs                         no-mixed-spaces-and-tabs
  953:2   warning  Mixed spaces and tabs                         no-mixed-spaces-and-tabs
  959:2   warning  Mixed spaces and tabs                         no-mixed-spaces-and-tabs

/home/runner/work/exp-dc-speed-iitkgp/exp-dc-speed-iitkgp/experiment/simulation/js/demo_positionC.js
     8:1   warning  'jsPlumb' is not defined                      no-undef
    13:9   warning  'addDisc' is assigned a value but never used  no-unused-vars
    15:17  warning  'e' is assigned a value but never used        no-unused-vars
    22:9   warning  'reset' is assigned a value but never used    no-unused-vars
    35:51  warning  'ui' is defined but never used                no-unused-vars
    37:21  warning  'jsPlumb' is not defined                      no-undef
    42:25  warning  'jsPlumb' is not defined                      no-undef
    50:21  warning  'id' is assigned a value but never used       no-unused-vars
   125:16  warning  'jsPlumb' is not defined                      no-undef
   137:13  warning  'e1' is assigned a value but never used       no-unused-vars
   138:13  warning  'e2' is assigned a value but never used       no-unused-vars
   139:4   warning  'e3' is assigned a value but never used       no-unused-vars
   140:13  warning  'e4' is assigned a value but never used       no-unused-vars
   141:4   warning  'e5' is assigned a value but never used       no-unused-vars
   142:4   warning  'e6' is assigned a value but never used       no-unused-vars
   143:4   warning  'e7' is assigned a value but never used       no-unused-vars
   144:13  warning  'e8' is assigned a value but never used       no-unused-vars
   145:4   warning  'e9' is assigned a value but never used       no-unused-vars
   146:13  warning  'e10' is assigned a value but never used      no-unused-vars
   147:4   warning  'e11' is assigned a value but never used      no-unused-vars
   148:4   warning  'e12' is assigned a value but never used      no-unused-vars
   149:13  warning  'e13' is assigned a value but never used      no-unused-vars
   150:4   warning  'e14' is assigned a value but never used      no-unused-vars
   151:4   warning  'e15' is assigned a value but never used      no-unused-vars
   152:4   warning  'e16' is assigned a value but never used      no-unused-vars
   153:13  warning  'e17' is assigned a value but never used      no-unused-vars
   154:13  warning  'e18' is assigned a value but never used      no-unused-vars
   155:4   warning  'e19' is assigned a value but never used      no-unused-vars
   156:13  warning  'e20' is assigned a value but never used      no-unused-vars
   157:4   warning  'e21' is assigned a value but never used      no-unused-vars
   158:4   warning  'e22' is assigned a value but never used      no-unused-vars
   159:13  warning  'e23' is assigned a value but never used      no-unused-vars
   160:4   warning  'e24' is assigned a value but never used      no-unused-vars
   161:4   warning  'e25' is assigned a value but never used      no-unused-vars
   162:4   warning  'e26' is assigned a value but never used      no-unused-vars
   163:4   warning  'e27' is assigned a value but never used      no-unused-vars
   165:4   warning  'e29' is assigned a value but never used      no-unused-vars
   166:13  warning  'e30' is assigned a value but never used      no-unused-vars
   167:4   warning  'e31' is assigned a value but never used      no-unused-vars
   170:4   warning  'e34' is assigned a value but never used      no-unused-vars
   171:4   warning  'e35' is assigned a value but never used      no-unused-vars
   172:4   warning  'e36' is assigned a value but never used      no-unused-vars
   175:4   warning  'e39' is assigned a value but never used      no-unused-vars
   176:13  warning  'e40' is assigned a value but never used      no-unused-vars
   177:4   warning  'e41' is assigned a value but never used      no-unused-vars
   178:4   warning  'e42' is assigned a value but never used      no-unused-vars
   179:4   warning  'e43' is assigned a value but never used      no-unused-vars
   180:4   warning  'e44' is assigned a value but never used      no-unused-vars
   181:4   warning  'e45' is assigned a value but never used      no-unused-vars
   182:4   warning  'e46' is assigned a value but never used      no-unused-vars
   183:13  warning  'e47' is assigned a value but never used      no-unused-vars
   184:4   warning  'e48' is assigned a value but never used      no-unused-vars
   185:4   warning  'e49' is assigned a value but never used      no-unused-vars
   186:4   warning  'e50' is assigned a value but never used      no-unused-vars
   187:4   warning  'e51' is assigned a value but never used      no-unused-vars
   188:4   warning  'e52' is assigned a value but never used      no-unused-vars
   189:4   warning  'e53' is assigned a value but never used      no-unused-vars
   190:4   warning  'e54' is assigned a value but never used      no-unused-vars
   192:4   warning  'e56' is assigned a value but never used      no-unused-vars
   197:3   warning  Mixed spaces and tabs                         no-mixed-spaces-and-tabs
   198:3   warning  Mixed spaces and tabs                         no-mixed-spaces-and-tabs
   199:3   warning  Mixed spaces and tabs                         no-mixed-spaces-and-tabs
   201:3   warning  Mixed spaces and tabs                         no-mixed-spaces-and-tabs
   202:3   warning  Mixed spaces and tabs                         no-mixed-spaces-and-tabs
   203:3   warning  Mixed spaces and tabs                         no-mixed-spaces-and-tabs
   204:3   warning  Mixed spaces and tabs                         no-mixed-spaces-and-tabs
   205:3   warning  Mixed spaces and tabs                         no-mixed-spaces-and-tabs
   207:3   warning  Mixed spaces and tabs                         no-mixed-spaces-and-tabs
   209:3   warning  Mixed spaces and tabs                         no-mixed-spaces-and-tabs
   210:3   warning  Mixed spaces and tabs                         no-mixed-spaces-and-tabs
   211:3   warning  Mixed spaces and tabs                         no-mixed-spaces-and-tabs
   212:3   warning  Mixed spaces and tabs                         no-mixed-spaces-and-tabs
   213:3   warning  Mixed spaces and tabs                         no-mixed-spaces-and-tabs
   214:46  warning  'originalEvent' is defined but never used     no-unused-vars
   217:2   warning  Mixed spaces and tabs                         no-mixed-spaces-and-tabs
   218:3   warning  Mixed spaces and tabs                         no-mixed-spaces-and-tabs
   219:4   warning  Mixed spaces and tabs                         no-mixed-spaces-and-tabs
   220:3   warning  Mixed spaces and tabs                         no-mixed-spaces-and-tabs
   221:3   warning  Mixed spaces and tabs                         no-mixed-spaces-and-tabs
   222:2   warning  Mixed spaces and tabs                         no-mixed-spaces-and-tabs
   223:2   warning  Mixed spaces and tabs                         no-mixed-spaces-and-tabs
   224:2   warning  Mixed spaces and tabs                         no-mixed-spaces-and-tabs
   227:3   warning  Mixed spaces and tabs                         no-mixed-spaces-and-tabs
   236:2   warning  Mixed spaces and tabs                         no-mixed-spaces-and-tabs
   297:2   warning  Mixed spaces and tabs                         no-mixed-spaces-and-tabs
   477:2   warning  Mixed spaces and tabs                         no-mixed-spaces-and-tabs
   675:5   warning  Mixed spaces and tabs                         no-mixed-spaces-and-tabs
   705:13  warning  'count' is assigned a value but never used    no-unused-vars
  1088:2   warning  Mixed spaces and tabs                         no-mixed-spaces-and-tabs
  1089:3   warning  Mixed spaces and tabs                         no-mixed-spaces-and-tabs
  1102:2   warning  Mixed spaces and tabs                         no-mixed-spaces-and-tabs
  1108:2   warning  Mixed spaces and tabs                         no-mixed-spaces-and-tabs

/home/runner/work/exp-dc-speed-iitkgp/exp-dc-speed-iitkgp/experiment/simulation/js/demo_preamp.js
    8:1   warning  'jsPlumb' is not defined                                  no-undef
   13:9   warning  'addDisc' is assigned a value but never used              no-unused-vars
   15:17  warning  'e' is assigned a value but never used                    no-unused-vars
   22:9   warning  'reset' is assigned a value but never used                no-unused-vars
   35:51  warning  'ui' is defined but never used                            no-unused-vars
   37:21  warning  'jsPlumb' is not defined                                  no-undef
   42:25  warning  'jsPlumb' is not defined                                  no-undef
   50:21  warning  'id' is assigned a value but never used                   no-unused-vars
   85:9   warning  'prepare_ground' is assigned a value but never used       no-unused-vars
  125:16  warning  'jsPlumb' is not defined                                  no-undef
  137:13  warning  'e1' is assigned a value but never used                   no-unused-vars
  138:13  warning  'e2' is assigned a value but never used                   no-unused-vars
  139:4   warning  'e3' is assigned a value but never used                   no-unused-vars
  140:13  warning  'e4' is assigned a value but never used                   no-unused-vars
  141:4   warning  'e5' is assigned a value but never used                   no-unused-vars
  142:4   warning  'e6' is assigned a value but never used                   no-unused-vars
  143:4   warning  'e7' is assigned a value but never used                   no-unused-vars
  144:13  warning  'e8' is assigned a value but never used                   no-unused-vars
  145:4   warning  'e9' is assigned a value but never used                   no-unused-vars
  148:4   warning  'e12' is assigned a value but never used                  no-unused-vars
  149:13  warning  'e13' is assigned a value but never used                  no-unused-vars
  150:4   warning  'e14' is assigned a value but never used                  no-unused-vars
  152:4   warning  'e16' is assigned a value but never used                  no-unused-vars
  153:13  warning  'e17' is assigned a value but never used                  no-unused-vars
  154:13  warning  'e18' is assigned a value but never used                  no-unused-vars
  155:4   warning  'e19' is assigned a value but never used                  no-unused-vars
  156:13  warning  'e20' is assigned a value but never used                  no-unused-vars
  157:4   warning  'e21' is assigned a value but never used                  no-unused-vars
  158:4   warning  'e22' is assigned a value but never used                  no-unused-vars
  159:13  warning  'e23' is assigned a value but never used                  no-unused-vars
  162:3   warning  Mixed spaces and tabs                                     no-mixed-spaces-and-tabs
  164:3   warning  Mixed spaces and tabs                                     no-mixed-spaces-and-tabs
  166:3   warning  Mixed spaces and tabs                                     no-mixed-spaces-and-tabs
  170:3   warning  Mixed spaces and tabs                                     no-mixed-spaces-and-tabs
  171:3   warning  Mixed spaces and tabs                                     no-mixed-spaces-and-tabs
  172:46  warning  'originalEvent' is defined but never used                 no-unused-vars
  173:2   warning  Mixed spaces and tabs                                     no-mixed-spaces-and-tabs
  175:2   warning  Mixed spaces and tabs                                     no-mixed-spaces-and-tabs
  176:3   warning  Mixed spaces and tabs                                     no-mixed-spaces-and-tabs
  177:4   warning  Mixed spaces and tabs                                     no-mixed-spaces-and-tabs
  178:3   warning  Mixed spaces and tabs                                     no-mixed-spaces-and-tabs
  179:3   warning  Mixed spaces and tabs                                     no-mixed-spaces-and-tabs
  180:2   warning  Mixed spaces and tabs                                     no-mixed-spaces-and-tabs
  181:2   warning  Mixed spaces and tabs                                     no-mixed-spaces-and-tabs
  182:2   warning  Mixed spaces and tabs                                     no-mixed-spaces-and-tabs
  185:3   warning  Mixed spaces and tabs                                     no-mixed-spaces-and-tabs
  193:2   warning  Mixed spaces and tabs                                     no-mixed-spaces-and-tabs
  296:2   warning  Mixed spaces and tabs                                     no-mixed-spaces-and-tabs
  297:13  warning  'allowed_connections' is assigned a value but never used  no-unused-vars
  384:5   warning  Mixed spaces and tabs                                     no-mixed-spaces-and-tabs
  404:13  warning  'count' is assigned a value but never used                no-unused-vars
  569:2   warning  Mixed spaces and tabs                                     no-mixed-spaces-and-tabs
  570:3   warning  Mixed spaces and tabs                                     no-mixed-spaces-and-tabs
  577:3   warning  Mixed spaces and tabs                                     no-mixed-spaces-and-tabs
  585:2   warning  Mixed spaces and tabs                                     no-mixed-spaces-and-tabs
  591:2   warning  Mixed spaces and tabs                                     no-mixed-spaces-and-tabs

/home/runner/work/exp-dc-speed-iitkgp/exp-dc-speed-iitkgp/experiment/simulation/js/jsPlumb.js
     68:9   warning  'root' is assigned a value but never used                                  no-unused-vars
    130:18  warning  'i' is already defined                                                     no-redeclare
    184:18  warning  'i' is already defined                                                     no-redeclare
    242:22  warning  'j' is already defined                                                     no-redeclare
    264:56  warning  't' is defined but never used                                              no-unused-vars
    279:26  warning  'j' is already defined                                                     no-redeclare
    582:9   warning  'exports' is not defined                                                   no-undef
    616:1   warning  Unnecessary semicolon                                                      no-extra-semi
    626:9   warning  'exports' is not defined                                                   no-undef
    661:9   warning  '_normal' is assigned a value but never used                               no-unused-vars
    672:9   warning  '_lineLength' is assigned a value but never used                           no-unused-vars
    706:9   warning  '_theta' is assigned a value but never used                                no-unused-vars
    725:9   warning  '_intersects' is assigned a value but never used                           no-unused-vars
    747:9   warning  '_encloses' is assigned a value but never used                             no-unused-vars
    764:9   warning  '_pointOnLine' is assigned a value but never used                          no-unused-vars
    781:9   warning  '_perpendicularLineTo' is assigned a value but never used                  no-unused-vars
    789:1   warning  Unnecessary semicolon                                                      no-extra-semi
    846:28  warning  'view' is defined but never used                                           no-unused-vars
    846:34  warning  'target' is defined but never used                                         no-unused-vars
    846:42  warning  'pageX' is defined but never used                                          no-unused-vars
    846:49  warning  'pageY' is defined but never used                                          no-unused-vars
    846:56  warning  'screenX' is defined but never used                                        no-unused-vars
    846:65  warning  'screenY' is defined but never used                                        no-unused-vars
    846:74  warning  'clientX' is defined but never used                                        no-unused-vars
    846:83  warning  'clientY' is defined but never used                                        no-unused-vars
   1040:58  warning  Do not access Object.prototype method 'hasOwnProperty' from target object  no-prototype-builtins
   1082:39  warning  Do not access Object.prototype method 'hasOwnProperty' from target object  no-prototype-builtins
   1132:9   warning  'touchstart' is assigned a value but never used                            no-unused-vars
   1132:36  warning  'touchend' is assigned a value but never used                              no-unused-vars
   1132:59  warning  'touchmove' is assigned a value but never used                             no-unused-vars
   1137:54  warning  Unnecessary escape character: \.                                           no-useless-escape
   1223:73  warning  Invalid typeof comparison value                                            valid-typeof
   1286:38  warning  Do not access Object.prototype method 'hasOwnProperty' from target object  no-prototype-builtins
   1288:51  warning  Do not access Object.prototype method 'hasOwnProperty' from target object  no-prototype-builtins
   1310:29  warning  'el' is defined but never used                                             no-unused-vars
   1310:33  warning  'event' is defined but never used                                          no-unused-vars
   1310:40  warning  'children' is defined but never used                                       no-unused-vars
   1310:50  warning  'fn' is defined but never used                                             no-unused-vars
   1457:9   warning  'exports' is not defined                                                   no-undef
   1490:1   warning  Unnecessary semicolon                                                      no-extra-semi
   1604:54  warning  Unnecessary escape character: \.                                           no-useless-escape
   1728:42  warning  'scope' is defined but never used                                          no-unused-vars
   1736:13  warning  'scroll' is assigned a value but never used                                no-unused-vars
   1886:13  warning  '_addFilter' is assigned a value but never used                            no-unused-vars
   1887:13  warning  '_removeFilter' is assigned a value but never used                         no-unused-vars
   2102:31  warning  Empty block statement                                                      no-empty
   2291:42  warning  'scope' is defined but never used                                          no-unused-vars
   2311:56  warning  'drag' is defined but never used                                           no-unused-vars
   2399:13  warning  '_getMatchingDroppables' is assigned a value but never used                no-unused-vars
   2443:18  warning  'i' is already defined                                                     no-redeclare
   2765:40  warning  'spec' is defined but never used                                           no-unused-vars
   2788:38  warning  'spec' is defined but never used                                           no-unused-vars
   2873:9   warning  'exports' is not defined                                                   no-undef
   2885:42  warning  'exports' is not defined                                                   no-undef
   2934:19  warning  Do not access Object.prototype method 'hasOwnProperty' from target object  no-prototype-builtins
   3030:26  warning  Unnecessary escape character: \.                                           no-useless-escape
   3031:40  warning  Unnecessary escape character: \[                                           no-useless-escape
   3241:36  warning  '_protoFn' is defined but never used                                       no-unused-vars
   3249:45  warning  Do not access Object.prototype method 'hasOwnProperty' from target object  no-prototype-builtins
   3249:83  warning  Do not access Object.prototype method 'hasOwnProperty' from target object  no-prototype-builtins
   3262:41  warning  Do not access Object.prototype method 'hasOwnProperty' from target object  no-prototype-builtins
   3262:79  warning  Do not access Object.prototype method 'hasOwnProperty' from target object  no-prototype-builtins
   3325:42  warning  Empty block statement                                                      no-empty
   3407:23  warning  Empty block statement                                                      no-empty
   3576:2   warning  Unnecessary semicolon                                                      no-extra-semi
   3631:1   warning  Unnecessary semicolon                                                      no-extra-semi
   3634:44  warning  'ep' is defined but never used                                             no-unused-vars
   3634:48  warning  'conn' is defined but never used                                           no-unused-vars
   3762:38  warning  'e' is defined but never used                                              no-unused-vars
   3866:1   warning  Unnecessary semicolon                                                      no-extra-semi
   3898:9   warning  'eventFilters' is assigned a value but never used                          no-unused-vars
   3917:9   warning  '_each' is assigned a value but never used                                 no-unused-vars
   4912:13  warning  '_setDraggable' is assigned a value but never used                         no-unused-vars
   5136:56  warning  'args' is defined but never used                                           no-unused-vars
   5184:60  warning  'cEl' is assigned a value but never used                                   no-unused-vars
   5811:13  warning  '_unmanage' is assigned a value but never used                             no-unused-vars
   5907:68  warning  'jsPlumbInstance' is assigned a value but never used                       no-unused-vars
   6477:39  warning  'scope' is defined but never used                                          no-unused-vars
   7164:9   warning  'exports' is not defined                                                   no-undef
   7179:1   warning  Unnecessary semicolon                                                      no-extra-semi
   7297:36  warning  'ignoreAttachedElements' is defined but never used                         no-unused-vars
   7489:1   warning  Unnecessary semicolon                                                      no-extra-semi
   7734:41  warning  'doNotRepaint' is defined but never used                                   no-unused-vars
   7739:50  warning  'doNotRepaint' is defined but never used                                   no-unused-vars
   7804:53  warning  'fireEvent' is defined but never used                                      no-unused-vars
   7804:64  warning  'originalEvent' is defined but never used                                  no-unused-vars
   7918:52  warning  Do not access Object.prototype method 'hasOwnProperty' from target object  no-prototype-builtins
   7964:39  warning  'startParams' is defined but never used                                    no-unused-vars
   8541:17  warning  'elId' is assigned a value but never used                                  no-unused-vars
   8778:1   warning  Unnecessary semicolon                                                      no-extra-semi
   9297:52  warning  Do not access Object.prototype method 'hasOwnProperty' from target object  no-prototype-builtins
   9322:52  warning  Do not access Object.prototype method 'hasOwnProperty' from target object  no-prototype-builtins
   9334:21  warning  'jsPlumb' is not defined                                                   no-undef
   9434:1   warning  Unnecessary semicolon                                                      no-extra-semi
  10142:27  warning  'Biltong' is not defined                                                   no-undef
  10494:23  warning  'jsPlumbUtil' is not defined                                               no-undef
  10727:1   warning  Unnecessary semicolon                                                      no-extra-semi
  10757:53  warning  'x' is defined but never used                                              no-unused-vars
  10757:56  warning  'y' is defined but never used                                              no-unused-vars
  10784:46  warning  'x1' is defined but never used                                             no-unused-vars
  10784:50  warning  'y1' is defined but never used                                             no-unused-vars
  10784:54  warning  'x2' is defined but never used                                             no-unused-vars
  10784:58  warning  'y2' is defined but never used                                             no-unused-vars
  10817:17  warning  '_super' is assigned a value but never used                                no-unused-vars
  10875:46  warning  '_' is defined but never used                                              no-unused-vars
  11077:17  warning  '_super' is assigned a value but never used                                no-unused-vars
  11309:17  warning  '_super' is assigned a value but never used                                no-unused-vars
  11636:13  warning  'dumpSegmentsToConsole' is assigned a value but never used                 no-unused-vars
  11692:48  warning  'anchorPoint' is defined but never used                                    no-unused-vars
  11692:61  warning  'orientation' is defined but never used                                    no-unused-vars
  11692:74  warning  'endpointStyle' is defined but never used                                  no-unused-vars
  11692:89  warning  'connectorPaintStyle' is defined but never used                            no-unused-vars
  11725:13  warning  '_super' is assigned a value but never used                                no-unused-vars
  11731:76  warning  'connectorPaintStyle' is defined but never used                            no-unused-vars
  11752:13  warning  '_super' is assigned a value but never used                                no-unused-vars
  11757:76  warning  'connectorPaintStyle' is defined but never used                            no-unused-vars
  11768:40  warning  'params' is defined but never used                                         no-unused-vars
  11846:48  warning  'orientation' is defined but never used                                    no-unused-vars
  11846:61  warning  'endpointStyle' is defined but never used                                  no-unused-vars
  11846:76  warning  'connectorPaintStyle' is defined but never used                            no-unused-vars
  11872:40  warning  'd' is defined but never used                                              no-unused-vars
  11872:43  warning  'style' is defined but never used                                          no-unused-vars
  11872:50  warning  'anchor' is defined but never used                                         no-unused-vars
  11915:13  warning  '_super' is assigned a value but never used                                no-unused-vars
  11918:48  warning  'orientation' is defined but never used                                    no-unused-vars
  11918:61  warning  'endpointStyle' is defined but never used                                  no-unused-vars
  11918:76  warning  'connectorPaintStyle' is defined but never used                            no-unused-vars
  11934:32  warning  'style' is defined but never used                                          no-unused-vars
  11934:39  warning  'anchor' is defined but never used                                         no-unused-vars
  11967:76  warning  'connectorPaintStyle' is defined but never used                            no-unused-vars
  11996:27  warning  'instance' is defined but never used                                       no-unused-vars
  11996:37  warning  'component' is defined but never used                                      no-unused-vars
  12065:43  warning  'component' is defined but never used                                      no-unused-vars
  12229:17  warning  'jsPlumb' is not defined                                                   no-undef
  12336:37  warning  'component' is defined but never used                                      no-unused-vars
  12346:29  warning  'containerExtents' is defined but never used                               no-unused-vars
  12374:37  warning  'params' is defined but never used                                         no-unused-vars
  12387:42  warning  'currentConnectionPaintStyle' is defined but never used                    no-unused-vars
  12431:13  warning  'labelWidth' is assigned a value but never used                            no-unused-vars
  12431:32  warning  'labelHeight' is assigned a value but never used                           no-unused-vars
  12431:52  warning  'labelText' is assigned a value but never used                             no-unused-vars
  12431:70  warning  'labelPadding' is assigned a value but never used                          no-unused-vars
  12521:1   warning  Unnecessary semicolon                                                      no-extra-semi
  12924:35  warning  'conn' is defined but never used                                           no-unused-vars
  12924:41  warning  'endpointIndex' is defined but never used                                  no-unused-vars
  12928:37  warning  'conn' is defined but never used                                           no-unused-vars
  12928:43  warning  'endpointIndex' is defined but never used                                  no-unused-vars
  12941:56  warning  'jsPlumb' is not defined                                                   no-undef
  12977:38  warning  '_el' is defined but never used                                            no-unused-vars
  12977:43  warning  'targetGroup' is defined but never used                                    no-unused-vars
  13029:29  warning  'jsPlumbUtil' is not defined                                               no-undef
  13385:1   warning  Unnecessary semicolon                                                      no-extra-semi
  13401:41  warning  'lastOrientation' is assigned a value but never used                       no-unused-vars
  13405:13  warning  'loopbackRadius' is assigned a value but never used                        no-unused-vars
  13406:13  warning  'isLoopbackCurrently' is assigned a value but never used                   no-unused-vars
  13750:1   warning  Unnecessary semicolon                                                      no-extra-semi
  13759:13  warning  'curviness' is assigned a value but never used                             no-unused-vars
  13761:13  warning  'proximityLimit' is assigned a value but never used                        no-unused-vars
  13764:13  warning  'isLoopbackCurrently' is assigned a value but never used                   no-unused-vars
  13903:1   warning  Unnecessary semicolon                                                      no-extra-semi
  13998:13  warning  'clockwise' is assigned a value but never used                             no-unused-vars
  14098:1   warning  Unnecessary semicolon                                                      no-extra-semi
  14105:30  warning  'params' is defined but never used                                         no-unused-vars
  14109:46  warning  '_' is defined but never used                                              no-unused-vars
  14130:1   warning  Unnecessary semicolon                                                      no-extra-semi
  14535:35  warning  'style' is defined but never used                                          no-unused-vars
  14558:35  warning  'style' is defined but never used                                          no-unused-vars
  14594:13  warning  'self' is assigned a value but never used                                  no-unused-vars
  14755:1   warning  Unnecessary semicolon                                                      no-extra-semi
  14950:39  warning  'jsPlumb' is not defined                                                   no-undef
  14979:29  warning  'jsPlumb' is not defined                                                   no-undef
  14986:38  warning  Do not access Object.prototype method 'hasOwnProperty' from target object  no-prototype-builtins
  14987:39  warning  'jsPlumb' is not defined                                                   no-undef
  15054:40  warning  Do not access Object.prototype method 'hasOwnProperty' from target object  no-prototype-builtins
  15145:22  warning  'jsPlumb' is not defined                                                   no-undef
  15150:24  warning  'jsPlumb' is not defined                                                   no-undef
  15276:26  warning  Do not access Object.prototype method 'hasOwnProperty' from target object  no-prototype-builtins
  15289:13  warning  'jsPlumb' is not defined                                                   no-undef
  15294:18  warning  'jsPlumb' is not defined                                                   no-undef
  15303:13  warning  'jsPlumb' is not defined                                                   no-undef
  15308:17  warning  'jsPlumb' is not defined                                                   no-undef
  15309:17  warning  'jsPlumb' is not defined                                                   no-undef
  15311:17  warning  'jsPlumb' is not defined                                                   no-undef
  15315:13  warning  'jsPlumb' is not defined                                                   no-undef
  15321:17  warning  'jsPlumb' is not defined                                                   no-undef
  15359:18  warning  'jsPlumb' is not defined                                                   no-undef
  15407:22  warning  'jsPlumb' is not defined                                                   no-undef
  15512:20  warning  'jsPlumb' is not defined                                                   no-undef
  15526:13  warning  'jsPlumb' is not defined                                                   no-undef
  15538:18  warning  'jsPlumb' is not defined                                                   no-undef
  15541:25  warning  'jsPlumb' is not defined                                                   no-undef
  15543:35  warning  'jsPlumb' is not defined                                                   no-undef
  15544:30  warning  'jsPlumb' is not defined                                                   no-undef
  15545:45  warning  'jsPlumb' is not defined                                                   no-undef
  15546:45  warning  'jsPlumb' is not defined                                                   no-undef
  15547:46  warning  'jsPlumb' is not defined                                                   no-undef
  15663:36  warning  'el' is defined but never used                                             no-unused-vars
  15663:40  warning  'options' is defined but never used                                        no-unused-vars
  15666:36  warning  'el' is defined but never used                                             no-unused-vars
  15666:40  warning  'options' is defined but never used                                        no-unused-vars
  15682:45  warning  'zoom' is defined but never used                                           no-unused-vars
  15722:33  warning  'spec' is defined but never used                                           no-unused-vars
  15731:31  warning  'spec' is defined but never used                                           no-unused-vars
  15740:38  warning  'posseId' is defined but never used                                        no-unused-vars
  15799:23  warning  'el' is defined but never used                                             no-unused-vars
  15799:27  warning  'event' is defined but never used                                          no-unused-vars
  15799:34  warning  'callback' is defined but never used                                       no-unused-vars
  15808:24  warning  'el' is defined but never used                                             no-unused-vars
  15808:28  warning  'event' is defined but never used                                          no-unused-vars
  15808:35  warning  'callback' is defined but never used                                       no-unused-vars

/home/runner/work/exp-dc-speed-iitkgp/exp-dc-speed-iitkgp/experiment/simulation/js/positionC.js
   10:25   warning  'rotation' is assigned a value but never used  no-unused-vars
   13:10   warning  'rotate1' is defined but never used            no-unused-vars
   39:11   warning  'rotate2' is defined but never used            no-unused-vars
   63:11   warning  'rotate3' is defined but never used            no-unused-vars
   87:11   warning  'rotate4' is defined but never used            no-unused-vars
  114:11   warning  'power_on' is defined but never used           no-unused-vars
  115:1    warning  Mixed spaces and tabs                          no-mixed-spaces-and-tabs
  116:1    warning  Mixed spaces and tabs                          no-mixed-spaces-and-tabs
  145:11   warning  'preAmp_on' is defined but never used          no-unused-vars
  146:1    warning  Mixed spaces and tabs                          no-mixed-spaces-and-tabs
  147:1    warning  Mixed spaces and tabs                          no-mixed-spaces-and-tabs
  226:23   warning  'misalignment' is defined but never used       no-unused-vars
  227:10   warning  'clkwise' is defined but never used            no-unused-vars
  230:5    warning  'pot2' is assigned a value but never used      no-unused-vars
  245:10   warning  'anticlkwise' is defined but never used        no-unused-vars
  249:5    warning  'pot2' is assigned a value but never used      no-unused-vars
  262:14   warning  'Theta_out' is defined but never used          no-unused-vars
  272:9    warning  'math' is not defined                          no-undef
  272:30   warning  'math' is not defined                          no-undef
  273:9    warning  'math' is not defined                          no-undef
  273:30   warning  'math' is not defined                          no-undef
  275:5    warning  'L' is assigned a value but never used         no-unused-vars
  275:9    warning  'math' is not defined                          no-undef
  275:28   warning  'math' is not defined                          no-undef
  282:10   warning  'math' is not defined                          no-undef
  282:20   warning  'math' is not defined                          no-undef
  282:32   warning  'math' is not defined                          no-undef
  282:55   warning  'math' is not defined                          no-undef
  286:12   warning  'math' is not defined                          no-undef
  286:26   warning  'math' is not defined                          no-undef
  286:40   warning  'math' is not defined                          no-undef
  286:61   warning  'math' is not defined                          no-undef
  286:73   warning  'math' is not defined                          no-undef
  286:82   warning  'math' is not defined                          no-undef
  286:101  warning  'math' is not defined                          no-undef
  286:117  warning  'math' is not defined                          no-undef
  294:11   warning  'math' is not defined                          no-undef
  295:10   warning  'math' is not defined                          no-undef
  295:29   warning  'math' is not defined                          no-undef
  295:39   warning  'math' is not defined                          no-undef
  295:53   warning  'math' is not defined                          no-undef
  296:13   warning  'math' is not defined                          no-undef
  297:13   warning  'math' is not defined                          no-undef
  297:22   warning  'math' is not defined                          no-undef
  299:10   warning  'math' is not defined                          no-undef
  299:26   warning  'math' is not defined                          no-undef
  299:36   warning  'math' is not defined                          no-undef
  299:50   warning  'math' is not defined                          no-undef
  301:18   warning  'math' is not defined                          no-undef
  301:41   warning  'math' is not defined                          no-undef
  301:57   warning  'math' is not defined                          no-undef
  317:8    warning  'math' is not defined                          no-undef
  330:10   warning  'refresh' is defined but never used            no-unused-vars
  360:5    warning  'chart' is defined but never used              no-unused-vars
  364:10   warning  'createTable5' is defined but never used       no-unused-vars
  370:14   warning  'math' is not defined                          no-undef
  548:1    warning  Mixed spaces and tabs                          no-mixed-spaces-and-tabs
  550:11   warning  'part1_2_3' is defined but never used          no-unused-vars
  551:1    warning  Mixed spaces and tabs                          no-mixed-spaces-and-tabs
  553:1    warning  Mixed spaces and tabs                          no-mixed-spaces-and-tabs
  554:1    warning  Mixed spaces and tabs                          no-mixed-spaces-and-tabs
  559:11   warning  'part4_5' is defined but never used            no-unused-vars
  560:1    warning  Mixed spaces and tabs                          no-mixed-spaces-and-tabs
  562:1    warning  Mixed spaces and tabs                          no-mixed-spaces-and-tabs
  563:1    warning  Mixed spaces and tabs                          no-mixed-spaces-and-tabs
  568:11   warning  'part6_7' is defined but never used            no-unused-vars
  569:1    warning  Mixed spaces and tabs                          no-mixed-spaces-and-tabs
  571:1    warning  Mixed spaces and tabs                          no-mixed-spaces-and-tabs
  572:1    warning  Mixed spaces and tabs                          no-mixed-spaces-and-tabs

/home/runner/work/exp-dc-speed-iitkgp/exp-dc-speed-iitkgp/experiment/simulation/js/preamp.js
   10:25  warning  'rotation' is assigned a value but never used  no-unused-vars
   13:10  warning  'rotate1' is defined but never used            no-unused-vars
   39:11  warning  'rotate2' is defined but never used            no-unused-vars
   63:11  warning  'rotate3' is defined but never used            no-unused-vars
   95:11  warning  'rotate4' is defined but never used            no-unused-vars
  131:11  warning  'power_on' is defined but never used           no-unused-vars
  132:1   warning  Mixed spaces and tabs                          no-mixed-spaces-and-tabs
  133:1   warning  Mixed spaces and tabs                          no-mixed-spaces-and-tabs
  160:11  warning  'preAmp_on' is defined but never used          no-unused-vars
  161:1   warning  Mixed spaces and tabs                          no-mixed-spaces-and-tabs
  162:1   warning  Mixed spaces and tabs                          no-mixed-spaces-and-tabs
  174:1   warning  Mixed spaces and tabs                          no-mixed-spaces-and-tabs
  175:1   warning  Mixed spaces and tabs                          no-mixed-spaces-and-tabs
  176:1   warning  Mixed spaces and tabs                          no-mixed-spaces-and-tabs
  178:1   warning  Mixed spaces and tabs                          no-mixed-spaces-and-tabs
  180:1   warning  Mixed spaces and tabs                          no-mixed-spaces-and-tabs
  181:12  warning  'math' is not defined                          no-undef
  183:1   warning  Mixed spaces and tabs                          no-mixed-spaces-and-tabs
  186:2   warning  Mixed spaces and tabs                          no-mixed-spaces-and-tabs
  190:1   warning  Mixed spaces and tabs                          no-mixed-spaces-and-tabs
  191:1   warning  Mixed spaces and tabs                          no-mixed-spaces-and-tabs
  193:1   warning  Mixed spaces and tabs                          no-mixed-spaces-and-tabs
  195:12  warning  'math' is not defined                          no-undef
  197:1   warning  Mixed spaces and tabs                          no-mixed-spaces-and-tabs
  200:2   warning  Mixed spaces and tabs                          no-mixed-spaces-and-tabs
  202:11  warning  'preAmp_Char' is defined but never used        no-unused-vars
  203:1   warning  Mixed spaces and tabs                          no-mixed-spaces-and-tabs
  207:1   warning  Mixed spaces and tabs                          no-mixed-spaces-and-tabs
  211:1   warning  Mixed spaces and tabs                          no-mixed-spaces-and-tabs
  215:10  warning  'refresh' is defined but never used            no-unused-vars
  230:2   warning  'dataPoints3' is not defined                   no-undef
  231:2   warning  'dataPoints4' is not defined                   no-undef
  245:5   warning  'chart' is defined but never used              no-unused-vars
  249:10  warning  'createTable3' is defined but never used       no-unused-vars
  256:11  warning  'math' is not defined                          no-undef
  365:11  warning  'plot' is defined but never used               no-unused-vars
  441:1   warning  'Plotly' is not defined                        no-undef
  476:11  warning  'part1_2_3' is defined but never used          no-unused-vars
  477:1   warning  Mixed spaces and tabs                          no-mixed-spaces-and-tabs
  479:1   warning  Mixed spaces and tabs                          no-mixed-spaces-and-tabs
  480:1   warning  Mixed spaces and tabs                          no-mixed-spaces-and-tabs
  485:11  warning  'part4_5' is defined but never used            no-unused-vars
  486:1   warning  Mixed spaces and tabs                          no-mixed-spaces-and-tabs
  488:1   warning  Mixed spaces and tabs                          no-mixed-spaces-and-tabs
  489:1   warning  Mixed spaces and tabs                          no-mixed-spaces-and-tabs
  494:11  warning  'part6_7' is defined but never used            no-unused-vars
  495:1   warning  Mixed spaces and tabs                          no-mixed-spaces-and-tabs
  497:1   warning  Mixed spaces and tabs                          no-mixed-spaces-and-tabs
  498:1   warning  Mixed spaces and tabs                          no-mixed-spaces-and-tabs

✖ 760 problems (0 errors, 760 warnings)
  0 errors and 18 warnings potentially fixable with the `--fix` option.

